
#비주얼스튜디오 코드 깃허브에 올려서 수정사항 바로 반영
#Git CMD에서 아래 코드 실행   
#Flask_ToDo파일을 example 레퍼지토리에 

C:\Users\enjoy>cd C:/Flask_ToDo

C:\Flask_ToDo>git init
C:\Flask_ToDo>git commit -m "second commit"

C:\Flask_ToDo>git branch -M main

C:\Flask_ToDo>git remote add origin https://github.com/JEONGEUNdd/example.git

C:\Flask_ToDo>git push -u origin main
error: src refspec main does not match any
error: failed to push some refs to 'https://github.com/JEONGEUNdd/example.git'd

C:\Flask_ToDo>git add .

C:\Flask_ToDo>git commit -m "second commit"


C:\Flask_ToDo>git branch -M main

C:\Flask_ToDo>git push -u origin main


C:\Flask_ToDo>git push   

C:\Flask_ToDo>git status


C:\Flask_ToDo>git commit -m "Add comments to app.py"


C:\Flask_ToDo>git push

###비주얼스튜디오 코드에서 change에 +누르고 commit하고 branch 뭐시기 눌러야 깃허브코드 수정됨


pull: 원격 → 로컬
원격 저장소(예: GitHub)에서 최신 상태의 코드를 가져와 로컬 저장소와 동기화할 때 사용
다른 사람이 GitHub에 업데이트한 내용을 가져오고 싶을 때 사용.
git pull origin main


#venv어디서든 가져올 수 있게
echo "alias venv='source /home/sejong/flask_app/venv/bin/activate'" >> ~/.bashrc
source ~/.bashrc